2025-12-23 11:10:29,356 - __main__ - INFO - ================================================================================
2025-12-23 11:10:29,357 - __main__ - INFO - MKQA Dataset Preparation
2025-12-23 11:10:29,357 - __main__ - INFO - ================================================================================
2025-12-23 11:10:29,357 - __main__ - INFO - Configuration:
2025-12-23 11:10:29,357 - __main__ - INFO -   output_dir: ./data
2025-12-23 11:10:29,357 - __main__ - INFO -   raw_data_path: ./data/mkqa.jsonl
2025-12-23 11:10:29,357 - __main__ - INFO -   split_ratios: {'train': 0.8, 'validation': 0.1, 'test': 0.1}
2025-12-23 11:10:29,357 - __main__ - INFO - ================================================================================
2025-12-23 11:10:29,357 - __main__ - INFO - Initialized MKQA dataset preparation
2025-12-23 11:10:29,357 - __main__ - INFO - Output directory: ./data
2025-12-23 11:10:29,357 - __main__ - INFO - ================================================================================
2025-12-23 11:10:29,357 - __main__ - INFO - Starting MKQA Dataset Preparation
2025-12-23 11:10:29,357 - __main__ - INFO - ================================================================================
2025-12-23 11:10:29,357 - __main__ - INFO - Downloading MKQA dataset...
2025-12-23 11:10:29,357 - __main__ - INFO - Downloading from: https://github.com/apple/ml-mkqa/raw/main/dataset/mkqa.jsonl.gz
2025-12-23 11:10:30,916 - __main__ - INFO - Downloaded to: data/mkqa.jsonl.gz
2025-12-23 11:10:30,918 - __main__ - INFO - Decompressing...
2025-12-23 11:10:31,160 - __main__ - INFO - Decompressed to: data/mkqa.jsonl
2025-12-23 11:10:31,162 - __main__ - INFO - Loading raw data from: data/mkqa.jsonl
2025-12-23 11:10:32,788 - __main__ - INFO - Loaded 10000 samples
2025-12-23 11:10:32,788 - __main__ - INFO - Filtering samples...
2025-12-23 11:10:32,830 - __main__ - INFO - Filtered: 6758 samples (from 10000)
2025-12-23 11:10:32,830 - __main__ - INFO - Creating data splits...
2025-12-23 11:10:32,833 - __main__ - INFO -   train: 5406 samples
2025-12-23 11:10:32,833 - __main__ - INFO -   validation: 675 samples
2025-12-23 11:10:32,834 - __main__ - INFO -   test: 677 samples
2025-12-23 11:10:32,834 - __main__ - INFO - Saving splits...
2025-12-23 11:10:33,411 - __main__ - INFO -   Saved train: data/train.jsonl
2025-12-23 11:10:33,479 - __main__ - INFO -   Saved validation: data/validation.jsonl
2025-12-23 11:10:33,546 - __main__ - INFO -   Saved test: data/test.jsonl
2025-12-23 11:10:33,547 - __main__ - INFO - Created sample file with 10 samples: data/sample.jsonl
2025-12-23 11:10:33,547 - __main__ - INFO - ================================================================================
2025-12-23 11:10:33,547 - __main__ - INFO - Dataset preparation complete!
2025-12-23 11:10:33,547 - __main__ - INFO - Output directory: ./data
2025-12-23 11:10:33,547 - __main__ - INFO - ================================================================================
2025-12-23 11:10:33,668 - __main__ - INFO - 
Dataset preparation completed successfully!
2025-12-23 11:10:33,668 - __main__ - INFO - 
You can now run compute_metrics.py with:
2025-12-23 11:10:33,668 - __main__ - INFO -   config['dataset_path'] = './data/mkqa.jsonl'
